------------------------------------------------------------
TimeQuest Timing Analyzer Summary
------------------------------------------------------------

Type  : Slow 1100mV 85C Model Setup 'F_STF'
Slack : -5.688
TNS   : -54.141

Type  : Slow 1100mV 85C Model Hold 'F_STF'
Slack : 0.545
TNS   : 0.000

Type  : Slow 1100mV 85C Model Recovery 'F_STF'
Slack : -2.167
TNS   : -2.167

Type  : Slow 1100mV 85C Model Removal 'F_STF'
Slack : 0.942
TNS   : 0.000

Type  : Slow 1100mV 85C Model Minimum Pulse Width 'F_STF'
Slack : 0.230
TNS   : 0.000

Type  : Slow 1100mV 0C Model Setup 'F_STF'
Slack : -5.695
TNS   : -54.694

Type  : Slow 1100mV 0C Model Hold 'F_STF'
Slack : 0.344
TNS   : 0.000

Type  : Slow 1100mV 0C Model Recovery 'F_STF'
Slack : -2.330
TNS   : -2.330

Type  : Slow 1100mV 0C Model Removal 'F_STF'
Slack : 0.869
TNS   : 0.000

Type  : Slow 1100mV 0C Model Minimum Pulse Width 'F_STF'
Slack : 0.192
TNS   : 0.000

Type  : Fast 1100mV 85C Model Setup 'F_STF'
Slack : -1.946
TNS   : -17.434

Type  : Fast 1100mV 85C Model Hold 'F_STF'
Slack : 0.289
TNS   : 0.000

Type  : Fast 1100mV 85C Model Recovery 'F_STF'
Slack : -0.988
TNS   : -0.988

Type  : Fast 1100mV 85C Model Removal 'F_STF'
Slack : 1.121
TNS   : 0.000

Type  : Fast 1100mV 85C Model Minimum Pulse Width 'F_STF'
Slack : -0.016
TNS   : -0.018

Type  : Fast 1100mV 0C Model Setup 'F_STF'
Slack : -1.786
TNS   : -15.174

Type  : Fast 1100mV 0C Model Hold 'F_STF'
Slack : 0.205
TNS   : 0.000

Type  : Fast 1100mV 0C Model Recovery 'F_STF'
Slack : -0.943
TNS   : -0.943

Type  : Fast 1100mV 0C Model Removal 'F_STF'
Slack : 1.104
TNS   : 0.000

Type  : Fast 1100mV 0C Model Minimum Pulse Width 'F_STF'
Slack : -0.020
TNS   : -0.022

------------------------------------------------------------
