------------------------------------------------------------
TimeQuest Timing Analyzer Summary
------------------------------------------------------------

Type  : Slow 1100mV 85C Model Setup 'SP'
Slack : -2.591
TNS   : -26.996

Type  : Slow 1100mV 85C Model Hold 'SP'
Slack : 0.695
TNS   : 0.000

Type  : Slow 1100mV 85C Model Minimum Pulse Width 'SP'
Slack : -0.724
TNS   : -13.284

Type  : Slow 1100mV 0C Model Setup 'SP'
Slack : -2.613
TNS   : -27.345

Type  : Slow 1100mV 0C Model Hold 'SP'
Slack : 0.641
TNS   : 0.000

Type  : Slow 1100mV 0C Model Minimum Pulse Width 'SP'
Slack : -0.724
TNS   : -13.319

Type  : Fast 1100mV 85C Model Setup 'SP'
Slack : -0.396
TNS   : -3.781

Type  : Fast 1100mV 85C Model Hold 'SP'
Slack : 0.274
TNS   : 0.000

Type  : Fast 1100mV 85C Model Minimum Pulse Width 'SP'
Slack : -0.086
TNS   : -1.017

Type  : Fast 1100mV 0C Model Setup 'SP'
Slack : -0.303
TNS   : -2.829

Type  : Fast 1100mV 0C Model Hold 'SP'
Slack : 0.239
TNS   : 0.000

Type  : Fast 1100mV 0C Model Minimum Pulse Width 'SP'
Slack : -0.086
TNS   : -1.021

------------------------------------------------------------
