------------------------------------------------------------
TimeQuest Timing Analyzer Summary
------------------------------------------------------------

Type  : Slow 1100mV 85C Model Setup 'SP'
Slack : -4.200
TNS   : -298.911

Type  : Slow 1100mV 85C Model Hold 'SP'
Slack : 0.548
TNS   : 0.000

Type  : Slow 1100mV 85C Model Minimum Pulse Width 'SP'
Slack : -0.724
TNS   : -100.884

Type  : Slow 1100mV 0C Model Setup 'SP'
Slack : -4.486
TNS   : -306.977

Type  : Slow 1100mV 0C Model Hold 'SP'
Slack : 0.563
TNS   : 0.000

Type  : Slow 1100mV 0C Model Minimum Pulse Width 'SP'
Slack : -0.724
TNS   : -100.989

Type  : Fast 1100mV 85C Model Setup 'SP'
Slack : -1.206
TNS   : -73.895

Type  : Fast 1100mV 85C Model Hold 'SP'
Slack : 0.181
TNS   : 0.000

Type  : Fast 1100mV 85C Model Minimum Pulse Width 'SP'
Slack : -0.088
TNS   : -7.775

Type  : Fast 1100mV 0C Model Setup 'SP'
Slack : -1.000
TNS   : -61.638

Type  : Fast 1100mV 0C Model Hold 'SP'
Slack : 0.172
TNS   : 0.000

Type  : Fast 1100mV 0C Model Minimum Pulse Width 'SP'
Slack : -0.088
TNS   : -7.806

------------------------------------------------------------
